%!Adobe-FontList 1.24
%Locale:0x409

%BeginFont
Handler:DirectoryHandler
FontType:Invalid
OutlineFileName:/Users/elainenoble/Dropbox/Noble Pursuits Clients/Silver Freedman/Silver Freedman Website Mockupv5 Folder/Document fonts/AdobeFnt24.lst
FileLength:1835
FileModTime:773026524
%EndFont

%BeginFont
Handler:DirectoryHandler
FontType:TrueType
FontName:OpenSans-Light
FamilyName:Open Sans
StyleName:Light
MenuName:Open Sans Light
StyleBits:0
WeightClass:300
WidthClass:5
AngleClass:0
FullName:Open Sans Light
WritingScript:Roman
OutlineFileName:/Users/elainenoble/Dropbox/Noble Pursuits Clients/Silver Freedman/Silver Freedman Website Mockupv5 Folder/Document fonts/OpenSans-Light.ttf
DataFormat:sfntData
hasSVG:no
hasSBIX:no
hasCOLR:no
VariableFontType:NonVariableFont
FileLength:222412
FileModTime:392062318
NameArray:0,Mac,4,Open Sans Light
NameArray:0,Win,1,Open Sans Light
NameArray:0,Win,16,Open Sans
%EndFont

%BeginFont
Handler:DirectoryHandler
FontType:TrueType
FontName:OpenSans-Medium
FamilyName:Open Sans
StyleName:Medium
MenuName:Open Sans Medium
StyleBits:0
WeightClass:500
WidthClass:5
AngleClass:0
FullName:Open Sans Medium
WritingScript:Roman
OutlineFileName:/Users/elainenoble/Dropbox/Noble Pursuits Clients/Silver Freedman/Silver Freedman Website Mockupv5 Folder/Document fonts/OpenSans-Medium.ttf
DataFormat:sfntData
hasSVG:no
hasSBIX:no
hasCOLR:no
VariableFontType:NonVariableFont
FileLength:129948
FileModTime:318312000
NameArray:0,Win,1,Open Sans Medium
NameArray:0,Win,16,Open Sans
%EndFont

%BeginFont
Handler:DirectoryHandler
FontType:TrueType
FontName:OpenSans
FamilyName:Open Sans
StyleName:Regular
MenuName:Open Sans
StyleBits:0
WeightClass:400
WidthClass:5
AngleClass:0
FullName:Open Sans
WritingScript:Roman
OutlineFileName:/Users/elainenoble/Dropbox/Noble Pursuits Clients/Silver Freedman/Silver Freedman Website Mockupv5 Folder/Document fonts/OpenSans-Regular.ttf
DataFormat:sfntData
hasSVG:no
hasSBIX:no
hasCOLR:no
VariableFontType:NonVariableFont
FileLength:217360
FileModTime:392062320
NameArray:0,Mac,4,Open Sans
NameArray:0,Win,1,Open Sans
%EndFont

